01:06:46 [INFO] 📝 已加载 61 条祝福语
01:06:46 [INFO] 👥 已加载 2 个好友
01:06:46 [INFO] 🚫 排除列表: 12 项
01:06:46 [INFO] 🚀 启动全自动新年祝福发送...
01:06:46 [INFO]   当前时间: 2026-02-17 01:06:46
01:06:46 [INFO] 
📋 已有好友列表: 2 个好友
01:06:46 [INFO]   待发送: 2 个好友
01:06:46 [INFO] 
🎊 第二步：发送新年祝福
01:06:46 [INFO] 
01:06:46 [INFO] ============================================================
01:06:46 [INFO]   🎊 准备向 2 个好友发送新年祝福
01:06:46 [INFO]   ⚠️ 模拟运行模式（不会实际发送）
01:06:46 [INFO] ============================================================
01:06:46 [INFO] 
01:06:46 [INFO] 
01:06:46 [INFO] [1/2] 👤 ● friends.txt - 新年祝福 - Cursor
01:06:46 [INFO]   💬 🎇 新年到，好运到！祝你在新的一年里事事如意，天天快乐！
01:06:46 [INFO]   ✅ [模拟] 发送成功
01:06:50 [INFO] 
01:06:50 [INFO] [2/2] 👤 Steam
01:06:50 [INFO]   💬 🌺 新年好！愿你新的一年里笑口常开，福气满满，幸福安康！
01:06:50 [INFO]   ✅ [模拟] 发送成功
01:06:50 [INFO] 
01:06:50 [INFO] ============================================================
01:06:50 [INFO]   🎉 发送完成！
01:06:50 [INFO]   ✅ 成功: 2/2
01:06:50 [INFO]   ❌ 失败: 0
01:06:50 [INFO] ============================================================
01:06:50 [INFO] 
01:16:45 [INFO] 📝 已加载 61 条祝福语
01:16:45 [INFO] 👥 已加载 2 个好友
01:16:45 [INFO] 🚫 排除列表: 12 项
01:16:45 [INFO] 📊 已有发送记录: 2 个好友已发送
01:16:45 [INFO] 🚀 启动全自动新年祝福发送...
01:16:45 [INFO]   当前时间: 2026-02-17 01:16:45
01:16:45 [INFO] 
📋 已有好友列表: 2 个好友
01:16:45 [INFO] 所有好友都已发送过祝福！
01:16:45 [INFO] 如需重新发送，请使用 --reset 重置进度后重试
10:36:39 [INFO] 正在查找微信窗口...
10:36:39 [INFO] Could not import comtypes.gen._944DE083_8FB8_45CF_BCB7_C477ACB2F897_0_1_0: No module named 'comtypes.gen._944DE083_8FB8_45CF_BCB7_C477ACB2F897_0_1_0'
10:36:39 [INFO] # Generating comtypes.gen._944DE083_8FB8_45CF_BCB7_C477ACB2F897_0_1_0
10:36:39 [INFO] # Generating comtypes.gen.UIAutomationClient
10:36:39 [INFO] Could not import comtypes.gen._00020430_0000_0000_C000_000000000046_0_2_0: No module named 'comtypes.gen._00020430_0000_0000_C000_000000000046_0_2_0'
10:36:39 [INFO] # Generating comtypes.gen._00020430_0000_0000_C000_000000000046_0_2_0
10:36:39 [INFO] # Generating comtypes.gen.stdole
10:36:45 [INFO] ✅ 已找到微信窗口: 微信
10:37:08 [INFO] 📝 已加载 61 条祝福语
10:37:08 [INFO] 👥 已加载 2 个好友
10:37:08 [INFO] 🚫 排除列表: 12 项
10:37:08 [INFO] 📊 已有发送记录: 2 个好友已发送
10:37:08 [INFO] 🚀 启动全自动新年祝福发送...
10:37:08 [INFO]   当前时间: 2026-02-17 10:37:08
10:37:08 [INFO] 
📋 已有好友列表: 2 个好友
10:37:08 [INFO] 所有好友都已发送过祝福！
10:37:08 [INFO] 如需重新发送，请使用 --reset 重置进度后重试
10:37:28 [INFO] 正在查找微信窗口...
10:37:34 [INFO] ✅ 已找到微信窗口: 微信
10:38:44 [INFO] 📝 已加载 61 条祝福语
10:38:44 [INFO] 👥 已加载 2 个好友
10:38:44 [INFO] 🚫 排除列表: 12 项
10:38:44 [INFO] 📊 已有发送记录: 2 个好友已发送
10:38:44 [INFO] 🔄 开始自动获取微信好友列表...
10:38:44 [INFO] 正在查找微信窗口...
10:38:50 [INFO] ✅ 已找到微信窗口: 微信
10:38:53 [INFO] ✅ 已切换到通讯录页面
10:38:54 [INFO] 正在从通讯录获取好友列表...
10:38:59 [INFO]   已获取 10 个联系人...
10:39:00 [INFO]   已获取 13 个联系人...
10:39:01 [INFO]   已获取 16 个联系人...
10:39:02 [INFO]   已获取 19 个联系人...
10:39:03 [INFO]   已获取 22 个联系人...
10:39:04 [INFO]   已获取 25 个联系人...
10:39:05 [INFO]   已获取 28 个联系人...
10:39:06 [INFO]   已获取 32 个联系人...
10:39:06 [INFO]   已获取 35 个联系人...
10:39:07 [INFO]   已获取 38 个联系人...
10:39:08 [INFO]   已获取 42 个联系人...
10:39:09 [INFO]   已获取 46 个联系人...
10:39:10 [INFO]   已获取 49 个联系人...
10:39:11 [INFO]   已获取 52 个联系人...
10:39:12 [INFO]   已获取 55 个联系人...
10:39:13 [INFO]   已获取 58 个联系人...
10:39:14 [INFO]   已获取 62 个联系人...
10:39:15 [INFO]   已获取 65 个联系人...
10:39:16 [INFO]   已获取 69 个联系人...
10:39:17 [INFO]   已获取 72 个联系人...
10:39:18 [INFO]   已获取 76 个联系人...
10:39:19 [INFO]   已获取 79 个联系人...
10:39:20 [INFO]   已获取 81 个联系人...
10:39:21 [INFO]   已获取 84 个联系人...
10:39:22 [INFO]   已获取 87 个联系人...
10:39:23 [INFO]   已获取 91 个联系人...
10:39:24 [INFO]   已获取 94 个联系人...
10:39:25 [INFO]   已获取 98 个联系人...
10:39:26 [INFO]   已获取 101 个联系人...
10:39:27 [INFO]   已获取 104 个联系人...
10:39:28 [INFO]   已获取 108 个联系人...
10:39:29 [INFO]   已获取 112 个联系人...
10:39:29 [INFO]   已获取 115 个联系人...
10:39:30 [INFO]   已获取 119 个联系人...
10:39:31 [INFO]   已获取 123 个联系人...
10:39:32 [INFO]   已获取 126 个联系人...
10:39:33 [INFO]   已获取 129 个联系人...
10:39:34 [INFO]   已获取 133 个联系人...
10:39:35 [INFO]   已获取 137 个联系人...
10:39:36 [INFO]   已获取 141 个联系人...
10:39:37 [INFO]   已获取 144 个联系人...
10:39:38 [INFO]   已获取 147 个联系人...
10:39:39 [INFO]   已获取 151 个联系人...
10:39:40 [INFO]   已获取 155 个联系人...
10:39:41 [INFO]   已获取 159 个联系人...
10:39:42 [INFO]   已获取 162 个联系人...
10:39:43 [INFO]   已获取 165 个联系人...
10:39:44 [INFO]   已获取 169 个联系人...
10:39:45 [INFO]   已获取 173 个联系人...
10:39:46 [INFO]   已获取 177 个联系人...
10:39:47 [INFO]   已获取 180 个联系人...
10:39:48 [INFO]   已获取 184 个联系人...
10:39:49 [INFO]   已获取 188 个联系人...
10:39:50 [INFO]   已获取 190 个联系人...
10:39:51 [INFO]   已获取 193 个联系人...
10:39:51 [INFO]   已获取 194 个联系人...
10:40:01 [INFO] 已到达列表末尾
10:40:01 [INFO] ✅ 共获取 194 个联系人
10:40:01 [INFO] ✅ 好友列表已更新: 新增 192 个，总计 194 个
10:40:39 [INFO] 📝 已加载 61 条祝福语
10:40:39 [INFO] 👥 已加载 194 个好友
10:40:39 [INFO] 🚫 排除列表: 12 项
10:40:39 [INFO] 📊 已有发送记录: 2 个好友已发送
10:40:39 [INFO] 🚀 启动全自动新年祝福发送...
10:40:39 [INFO]   当前时间: 2026-02-17 10:40:39
10:40:39 [INFO] 
📋 已有好友列表: 194 个好友
10:40:39 [INFO]   待发送: 192 个好友
10:40:39 [INFO] 
🎊 第二步：发送新年祝福
10:40:39 [INFO] 
10:40:39 [INFO] ============================================================
10:40:39 [INFO]   🎊 准备向 192 个好友发送新年祝福
10:40:39 [INFO]   ⚠️ 模拟运行模式（不会实际发送）
10:40:39 [INFO] ============================================================
10:40:39 [INFO] 
10:40:39 [INFO] 
10:40:39 [INFO] [1/192] 👤 阿迪
10:40:39 [INFO]   💬 🎊 新春快乐！愿你新的一年里好运连连，喜事不断，天天开心！
10:40:39 [INFO]   ✅ [模拟] 发送成功
10:40:43 [INFO] 
10:40:43 [INFO] [2/192] 👤 阿杰
10:40:43 [INFO]   💬 🎠 新年快乐！愿你像春天的花朵一样绽放，像夏天的阳光一样灿烂！
10:40:43 [INFO]   ✅ [模拟] 发送成功
10:40:45 [INFO] 
10:40:45 [INFO] [3/192] 👤 A金笔尖文具生活馆
10:40:45 [INFO]   💬 🌈 新春大吉！祝你在新的一年里工作顺利，学习进步，生活美满！
10:40:45 [INFO]   ✅ [模拟] 发送成功
10:40:49 [INFO] 
10:40:49 [INFO] [4/192] 👤 鳌得柱
10:40:49 [INFO]   💬 🎈 新年快乐！愿你新的一年里心想事成，梦想成真，前程似锦！
10:40:49 [INFO]   ✅ [模拟] 发送成功
10:40:53 [INFO] 
10:40:53 [INFO] [5/192] 👤 A西安永信电脑科技18092788606
10:40:53 [INFO]   💬 🎨 新年快乐！愿你的生活像画一样美丽，像诗一样浪漫！
10:40:53 [INFO]   ✅ [模拟] 发送成功
10:40:56 [INFO] 
10:40:56 [INFO] [6/192] 👤 A西电保研-留学交流社
10:40:56 [INFO]   💬 ✨ 恭喜发财！愿你新的一年里财源滚滚，生意兴隆，财源广进！
10:40:56 [INFO]   ✅ [模拟] 发送成功
10:40:59 [INFO] 
10:40:59 [INFO] [7/192] 👤 A喜洋洋摄影图文彩印
10:40:59 [INFO]   💬 🎭 新春快乐！祝你在新的一年里笑口常开，好运不断，幸福永远！
10:40:59 [INFO]   ✅ [模拟] 发送成功
10:41:03 [INFO] 
10:41:03 [INFO] [8/192] 👤 爸
10:41:03 [INFO]   💬 🌷 新年快乐！愿你在新的一年里财源广进，事业有成，幸福安康！
10:41:03 [INFO]   ✅ [模拟] 发送成功
10:41:07 [INFO] 
10:41:07 [INFO] [9/192] 👤 BAd
10:41:07 [INFO]   💬 🌼 新年快乐！愿你新的一年里心想事成，梦想成真，前程似锦！
10:41:07 [INFO]   ✅ [模拟] 发送成功
10:41:10 [INFO] 
10:41:10 [INFO] [10/192] 👤 把我商纳
10:41:10 [INFO]   💬 🐉 龙年大吉！祝你龙马精神，龙腾虎跃，事事顺心！
10:41:10 [INFO]   ✅ [模拟] 发送成功
10:41:14 [INFO] 
10:41:14 [INFO] [11/192] 👤 不会止步于此
10:41:14 [INFO]   💬 🔥 新年快乐！祝你在新的一年里热情似火，活力满满！
10:41:14 [INFO]   ✅ [模拟] 发送成功
10:41:17 [INFO] 
10:41:17 [INFO] [12/192] 👤 C程
10:41:17 [INFO]   💬 🌊 新春愉快！愿你的人生像大海一样宽广，像天空一样辽阔！
10:41:17 [INFO]   ✅ [模拟] 发送成功
10:41:21 [INFO] 
10:41:21 [INFO] [13/192] 👤 柴霁俊
10:41:21 [INFO]   💬 💫 新春大吉！愿你在新的一年里光芒万丈，闪闪发光！
10:41:21 [INFO]   ✅ [模拟] 发送成功
10:41:24 [INFO] 
10:41:24 [INFO] [14/192] 👤 陈博达
10:41:24 [INFO]   💬 🎐 新春愉快！祝你在新的一年里好运相伴，幸福常在，快乐每一天！
10:41:24 [INFO]   ✅ [模拟] 发送成功
10:41:27 [INFO] 
10:41:27 [INFO] [15/192] 👤 陈佳瑞
10:41:27 [INFO]   💬 🌠 新年快乐！愿你在新的一年里星光璀璨，前途无量！
10:41:27 [INFO]   ✅ [模拟] 发送成功
10:41:30 [INFO] 
10:41:30 [INFO] [16/192] 👤 陈沁元
10:41:30 [INFO]   💬 🍀 新年好运！四叶草的祝福送给你，愿你幸运常伴，好事成双！
10:41:30 [INFO]   ✅ [模拟] 发送成功
10:41:35 [INFO] 
10:41:35 [INFO] [17/192] 👤 魑魅魍魉
10:41:35 [INFO]   💬 🎊 恭贺新禧！愿你新的一年里好运相伴，幸福常在，快乐每一天！
10:41:35 [INFO]   ✅ [模拟] 发送成功
10:41:39 [INFO] 
10:41:39 [INFO] [18/192] 👤 春来夏往
10:41:39 [INFO]   💬 🌙 新年快乐！愿你新的一年里身体健康，万事如意，阖家幸福！
10:41:39 [INFO]   ✅ [模拟] 发送成功
10:41:43 [INFO] 
10:41:43 [INFO] [19/192] 👤 党大力
10:41:43 [INFO]   💬 🎁 新年快乐！愿你新的一年里身体健康，万事如意，阖家幸福！
10:41:43 [INFO]   ✅ [模拟] 发送成功
10:41:46 [INFO] 
10:41:46 [INFO] [20/192] 👤 Dco.
10:41:46 [INFO]   💬 🎲 新年好运来！愿你在新的一年里好运连连，惊喜不断！
10:41:46 [INFO]   ✅ [模拟] 发送成功
10:41:51 [INFO] 
10:41:51 [INFO] [21/192] 👤 邓紫萱家长
10:41:51 [INFO]   💬 🐍 蛇年大吉！祝你灵蛇献瑞，福运绵长，万事亨通！
10:41:51 [INFO]   ✅ [模拟] 发送成功
10:41:54 [INFO] 
10:41:54 [INFO] [22/192] 👤 丁佳涛
10:41:54 [INFO]   💬 🎵 新春快乐！愿你的生活像音乐一样美妙，像歌声一样动听！
10:41:54 [INFO]   ✅ [模拟] 发送成功
10:41:58 [INFO] 
10:41:58 [INFO] [23/192] 👤 东
10:41:58 [INFO]   💬 🎁 新年快乐！祝你在新的一年里财源广进，事业有成，幸福安康！
10:41:58 [INFO]   ✅ [模拟] 发送成功
10:42:03 [INFO] 
10:42:03 [INFO] [24/192] 👤 肚子已经翘到可以顶一瓶汽水
10:42:03 [INFO]   💬 🎳 新春大吉！祝你在新的一年里一帆风顺，十全十美！
10:42:03 [INFO]   ✅ [模拟] 发送成功
10:42:08 [INFO] 
10:42:08 [INFO] [25/192] 👤 EDN
10:42:08 [INFO]   💬 🎉 新年好！愿你新的一年里笑口常开，福气满满，幸福安康！
10:42:08 [INFO]   ✅ [模拟] 发送成功
10:42:10 [INFO] 
10:42:10 [INFO] [26/192] 👤 二舅妈
10:42:10 [INFO]   💬 🎈 新春大吉！祝你在新的一年里工作顺利，学习进步，生活美满！
10:42:10 [INFO]   ✅ [模拟] 发送成功
10:42:13 [INFO] 
10:42:13 [INFO] [27/192] 👤 凡恩德 3D打印-秦娟
10:42:13 [INFO]   💬 🌅 新的一年，新的开始！愿你所有的愿望都能实现，所有的梦想都能成真！
10:42:13 [INFO]   ✅ [模拟] 发送成功
10:42:15 [INFO] 
10:42:15 [INFO] [28/192] 👤 芳芳姐
10:42:15 [INFO]   💬 🎗️ 新年祝福！愿你在新的一年里平安健康，幸福美满，一切顺利！
10:42:15 [INFO]   ✅ [模拟] 发送成功
10:42:20 [INFO] 
10:42:20 [INFO] [29/192] 👤 方明远，京多安 21
10:42:20 [INFO]   💬 🌻 新春愉快！祝你在新的一年里身体健康，工作顺利，家庭美满！
10:42:20 [INFO]   ✅ [模拟] 发送成功
10:42:23 [INFO] 
10:42:23 [INFO] [30/192] 👤 范诗语
10:42:23 [INFO]   💬 🎯 新年新目标！祝你在新的一年里百发百中，心想事成！
10:42:23 [INFO]   ✅ [模拟] 发送成功
10:42:27 [INFO] 
10:42:27 [INFO] [31/192] 👤 奋斗
10:42:27 [INFO]   💬 🎋 新年好！愿你新的一年里平安喜乐，心想事成，万事胜意！
10:42:27 [INFO]   ✅ [模拟] 发送成功
10:42:30 [INFO] 
10:42:30 [INFO] [32/192] 👤 风
10:42:30 [INFO]   💬 🎎 新春佳节，万象更新！愿你在新的一年里收获满满，幸福常伴！
10:42:30 [INFO]   ✅ [模拟] 发送成功
10:42:33 [INFO] 
10:42:33 [INFO] [33/192] 👤 FranyLiu
10:42:33 [INFO]   💬 🌸 恭贺新禧！愿你新的一年里好运相伴，幸福常在，快乐每一天！
10:42:33 [INFO]   ✅ [模拟] 发送成功
10:42:37 [INFO] 
10:42:37 [INFO] [34/192] 👤 葛萌
10:42:37 [INFO]   💬 🎆 新年新气象！祝你在新的一年里前程似锦，步步高升，好运连连！
10:42:37 [INFO]   ✅ [模拟] 发送成功
10:42:39 [INFO] 
10:42:39 [INFO] [35/192] 👤 耿耿
10:42:39 [INFO]   💬 🎉 辞旧迎新！祝你在新的一年里百尺竿头，更进一步，再创辉煌！
10:42:39 [INFO]   ✅ [模拟] 发送成功
10:42:44 [INFO] 
10:42:44 [INFO] [36/192] 👤 姑父
10:42:44 [INFO]   💬 🎑 新年快乐！愿你新的一年里身体健康，阖家幸福，万事如意！
10:42:44 [INFO]   ✅ [模拟] 发送成功
10:42:48 [INFO] 
10:42:48 [INFO] [37/192] 👤 顾洺语
10:42:48 [INFO]   💬 🌹 新春快乐！愿你新的一年里好运连连，喜事不断，天天开心！
10:42:48 [INFO]   ✅ [模拟] 发送成功
10:42:51 [INFO] 
10:42:51 [INFO] [38/192] 👤 国豪
10:42:51 [INFO]   💬 🧧 红包拿来！新年快乐！祝你新的一年里钱包鼓鼓，笑容满满！
10:42:51 [INFO]   ✅ [模拟] 发送成功
10:42:55 [INFO] 
10:42:55 [INFO] [39/192] 👤 海阔天空
10:42:55 [INFO]   💬 🏮 新春愉快！祝你在新的一年里身体健康，工作顺利，家庭美满！
10:42:55 [INFO]   ✅ [模拟] 发送成功
10:42:59 [INFO] 
10:42:59 [INFO] [40/192] 👤 韩玉卓23009300113
10:42:59 [INFO]   💬 💎 新春祝福！愿你的人生像钻石一样闪耀，像黄金一样珍贵！
10:42:59 [INFO]   ✅ [模拟] 发送成功
10:43:02 [INFO] 
10:43:02 [INFO] [41/192] 👤 好好学习
10:43:02 [INFO]   💬 🧨 新年快乐！愿你新的一年里心想事成，梦想成真，前程似锦！
10:43:02 [INFO]   ✅ [模拟] 发送成功
10:43:06 [INFO] 
10:43:06 [INFO] [42/192] 👤 好好学习天天向上
10:43:06 [INFO]   💬 🎋 岁岁平安，年年有余！祝你新年快乐，阖家团圆！
10:43:06 [INFO]   ✅ [模拟] 发送成功
10:43:10 [INFO] 
10:43:10 [INFO] [43/192] 👤 好意选
10:43:10 [INFO]   💬 🏆 新年快乐！祝你在新的一年里勇攀高峰，再创佳绩！
10:43:10 [INFO]   ✅ [模拟] 发送成功
10:43:13 [INFO] 
10:43:13 [INFO] [44/192] 👤 何聪
10:43:13 [INFO]   💬 🎢 辞旧迎新，万事大吉！祝你在新的一年里心想事成，万事如意！
10:43:13 [INFO]   ✅ [模拟] 发送成功
10:43:17 [INFO] 
10:43:17 [INFO] [45/192] 👤 何锡均
10:43:17 [INFO]   💬 🏮 恭贺新禧！愿你新的一年里笑口常开，福气满满，幸福安康！
10:43:17 [INFO]   ✅ [模拟] 发送成功
10:43:20 [INFO] 
10:43:20 [INFO] [46/192] 👤 鸿鹄文具店
10:43:20 [INFO]   💬 🎊 新年快乐！祝你在新的一年里身体健康，万事如意，心想事成！
10:43:20 [INFO]   ✅ [模拟] 发送成功
10:43:25 [INFO] 
10:43:25 [INFO] [47/192] 👤 红香树花艺17792503264
10:43:25 [INFO]   💬 🏅 新年快乐！祝你在新的一年里出类拔萃，独占鳌头！
10:43:25 [INFO]   ✅ [模拟] 发送成功
10:43:30 [INFO] 
10:43:30 [INFO] [48/192] 👤 黄奥鸽
10:43:30 [INFO]   💬 🎏 春风得意，马到成功！愿你新的一年里事业腾飞，前程无量！
10:43:30 [INFO]   ✅ [模拟] 发送成功
10:43:33 [INFO] 
10:43:33 [INFO] [49/192] 👤 化学刘锫
10:43:33 [INFO]   💬 🎅 恭喜发财！愿你新的一年里财源滚滚，生意兴隆，财源广进！
10:43:33 [INFO]   ✅ [模拟] 发送成功
10:43:38 [INFO] 
10:43:38 [INFO] [50/192] 👤 胡耀文
10:43:38 [INFO]   💬 🌟 新年好！祝你在新的一年里前程似锦，步步高升，心想事成！
10:43:38 [INFO]   ✅ [模拟] 发送成功
10:43:42 [INFO] 
10:43:42 [INFO] [51/192] 👤 Hypoxia
10:43:42 [INFO]   💬 🏵️ 金玉满堂，花开富贵！祝你新年大吉大利，万事亨通！
10:43:42 [INFO]   ✅ [模拟] 发送成功
10:43:46 [INFO] 
10:43:46 [INFO] [52/192] 👤 Indigο
10:43:46 [INFO]   💬 🎇 新春大吉！祝你在新的一年里工作顺利，学习进步，生活美满！
10:43:46 [INFO]   ✅ [模拟] 发送成功
10:43:50 [INFO] 
10:43:50 [INFO] [53/192] 👤 蒋梦怡
10:43:50 [INFO]   💬 🎆 爆竹声声辞旧岁，烟花朵朵迎新春！祝你新年快乐，幸福美满！
10:43:50 [INFO]   ✅ [模拟] 发送成功
10:43:54 [INFO] 
10:43:54 [INFO] [54/192] 👤 江苏国芯科技-孙亚芳
10:43:54 [INFO]   💬 🎪 新年新希望！愿你在新的一年里遇见更好的自己，收获更多的幸福！
10:43:54 [INFO]   ✅ [模拟] 发送成功
10:43:58 [INFO] 
10:43:58 [INFO] [55/192] 👤 健康，打印店15619007670
10:43:58 [INFO]   💬 🎡 新春祝福送给你！愿你新的一年里健康平安，快乐幸福！
10:43:58 [INFO]   ✅ [模拟] 发送成功
10:44:02 [INFO] 
10:44:02 [INFO] [56/192] 👤 可乐
10:44:02 [INFO]   💬 🎄 新年好！祝你在新的一年里前程似锦，步步高升，心想事成！
10:44:02 [INFO]   ✅ [模拟] 发送成功
10:44:04 [INFO] 
10:44:04 [INFO] [57/192] 👤 落木聽風
10:44:04 [INFO]   💬 🧧 恭喜发财！愿你新的一年财源滚滚，事业蒸蒸日上，家庭幸福美满！
10:44:04 [INFO]   ✅ [模拟] 发送成功
10:44:07 [INFO] 
10:44:07 [INFO] [58/192] 👤 懒大王
10:44:07 [INFO]   💬 🦁 新年快乐！祝你在新的一年里勇往直前，所向披靡！
10:44:07 [INFO]   ✅ [模拟] 发送成功
10:44:12 [INFO] 
10:44:12 [INFO] [59/192] 👤 老妈
10:44:12 [INFO]   💬 🎀 恭贺新禧！愿你新的一年里身体健康，工作顺利，家庭美满！
10:44:12 [INFO]   ✅ [模拟] 发送成功
10:44:17 [INFO] 所有祝福语已使用过，重置使用记录
10:44:17 [INFO] 
10:44:17 [INFO] [60/192] 👤 雷士梁
10:44:17 [INFO]   💬 🧨 新年快乐！愿你新的一年里心想事成，梦想成真，前程似锦！
10:44:17 [INFO]   ✅ [模拟] 发送成功
10:44:19 [INFO] 
10:44:19 [INFO] [61/192] 👤 梁熠晨
10:44:19 [INFO]   💬 🎄 新年好！祝你在新的一年里前程似锦，步步高升，心想事成！
10:44:19 [INFO]   ✅ [模拟] 发送成功
10:44:23 [INFO] 
10:44:23 [INFO] [62/192] 👤 联通售后咨询答疑
10:44:23 [INFO]   💬 🌠 新年快乐！愿你在新的一年里星光璀璨，前途无量！
10:44:23 [INFO]   ✅ [模拟] 发送成功
10:44:27 [INFO] 
10:44:27 [INFO] [63/192] 👤 李浩然
10:44:27 [INFO]   💬 🎠 新年快乐！愿你像春天的花朵一样绽放，像夏天的阳光一样灿烂！
10:44:27 [INFO]   ✅ [模拟] 发送成功
10:44:30 [INFO] 
10:44:30 [INFO] [64/192] 👤 琳
10:44:30 [INFO]   💬 🎡 新春祝福送给你！愿你新的一年里健康平安，快乐幸福！
10:44:30 [INFO]   ✅ [模拟] 发送成功
10:44:33 [INFO] 
10:44:33 [INFO] [65/192] 👤 刘博杰
10:44:33 [INFO]   💬 🎪 新年新希望！愿你在新的一年里遇见更好的自己，收获更多的幸福！
10:44:33 [INFO]   ✅ [模拟] 发送成功
10:44:37 [INFO] 
10:44:37 [INFO] [66/192] 👤 六层楼
10:44:37 [INFO]   💬 🏅 新年快乐！祝你在新的一年里出类拔萃，独占鳌头！
10:44:37 [INFO]   ✅ [模拟] 发送成功
10:44:40 [INFO] 
10:44:40 [INFO] [67/192] 👤 柳嘉伟
10:44:40 [INFO]   💬 🎉 辞旧迎新！祝你在新的一年里百尺竿头，更进一步，再创辉煌！
10:44:40 [INFO]   ✅ [模拟] 发送成功
10:44:43 [INFO] 
10:44:43 [INFO] [68/192] 👤 刘洺成
10:44:43 [INFO]   💬 🌙 新年快乐！愿你新的一年里身体健康，万事如意，阖家幸福！
10:44:43 [INFO]   ✅ [模拟] 发送成功
10:44:45 [INFO] 
10:44:45 [INFO] [69/192] 👤 刘学通
10:44:45 [INFO]   💬 🌊 新春愉快！愿你的人生像大海一样宽广，像天空一样辽阔！
10:44:45 [INFO]   ✅ [模拟] 发送成功
10:44:49 [INFO] 
10:44:49 [INFO] [70/192] 👤 刘乙缘
10:44:49 [INFO]   💬 🎇 新春大吉！祝你在新的一年里工作顺利，学习进步，生活美满！
10:44:49 [INFO]   ✅ [模拟] 发送成功
10:44:52 [INFO] 
10:44:52 [INFO] [71/192] 👤 刘云
10:44:52 [INFO]   💬 🎭 新春快乐！祝你在新的一年里笑口常开，好运不断，幸福永远！
10:44:52 [INFO]   ✅ [模拟] 发送成功
10:44:55 [INFO] 
10:44:55 [INFO] [72/192] 👤 Mach, was du willst
10:44:55 [INFO]   💬 🧧 恭喜发财！愿你新的一年财源滚滚，事业蒸蒸日上，家庭幸福美满！
10:44:55 [INFO]   ✅ [模拟] 发送成功
10:44:59 [INFO] 
10:44:59 [INFO] [73/192] 👤 Madrid
10:44:59 [INFO]   💬 🎊 新春快乐！愿你新的一年里好运连连，喜事不断，天天开心！
10:44:59 [INFO]   ✅ [模拟] 发送成功
10:45:02 [INFO] 
10:45:02 [INFO] [74/192] 👤 Mint辛文龙
10:45:02 [INFO]   💬 🎨 新年快乐！愿你的生活像画一样美丽，像诗一样浪漫！
10:45:02 [INFO]   ✅ [模拟] 发送成功
10:45:06 [INFO] 
10:45:06 [INFO] [75/192] 👤 MnVZr
10:45:06 [INFO]   💬 💫 新春大吉！愿你在新的一年里光芒万丈，闪闪发光！
10:45:06 [INFO]   ✅ [模拟] 发送成功
10:51:38 [INFO] 📝 已加载 61 条祝福语
10:51:38 [INFO] 👥 已加载 1 个好友
10:51:38 [INFO] 🚫 排除列表: 12 项
10:51:38 [INFO] 📊 已有发送记录: 77 个好友已发送
10:51:38 [INFO] 🚀 启动全自动新年祝福发送...
10:51:38 [INFO]   当前时间: 2026-02-17 10:51:38
10:51:38 [INFO] 
📋 已有好友列表: 1 个好友
10:51:38 [INFO] 所有好友都已发送过祝福！
10:51:38 [INFO] 如需重新发送，请使用 --reset 重置进度后重试
10:52:13 [INFO] 📝 已加载 61 条祝福语
10:52:13 [INFO] 👥 已加载 1 个好友
10:52:13 [INFO] 🚫 排除列表: 12 项
10:52:13 [INFO] 📊 已有发送记录: 77 个好友已发送
10:52:13 [INFO] ✅ 发送进度已重置
10:52:20 [INFO] 📝 已加载 61 条祝福语
10:52:20 [INFO] 👥 已加载 1 个好友
10:52:20 [INFO] 🚫 排除列表: 12 项
10:52:20 [INFO] 🚀 启动全自动新年祝福发送...
10:52:20 [INFO]   当前时间: 2026-02-17 10:52:20
10:52:20 [INFO] 
📋 已有好友列表: 1 个好友
10:52:20 [INFO]   待发送: 1 个好友
10:52:20 [INFO] 
🎊 第二步：发送新年祝福
10:52:20 [INFO] 
10:52:20 [INFO] ============================================================
10:52:20 [INFO]   🎊 准备向 1 个好友发送新年祝福
10:52:20 [INFO] ============================================================
10:52:20 [INFO] 
10:52:20 [INFO] 正在查找微信窗口...
10:52:20 [INFO] Could not import comtypes.gen._944DE083_8FB8_45CF_BCB7_C477ACB2F897_0_1_0: No module named 'comtypes.gen._944DE083_8FB8_45CF_BCB7_C477ACB2F897_0_1_0'
10:52:20 [INFO] # Generating comtypes.gen._944DE083_8FB8_45CF_BCB7_C477ACB2F897_0_1_0
10:52:20 [INFO] # Generating comtypes.gen.UIAutomationClient
10:52:20 [INFO] Could not import comtypes.gen._00020430_0000_0000_C000_000000000046_0_2_0: No module named 'comtypes.gen._00020430_0000_0000_C000_000000000046_0_2_0'
10:52:20 [INFO] # Generating comtypes.gen._00020430_0000_0000_C000_000000000046_0_2_0
10:52:20 [INFO] # Generating comtypes.gen.stdole
10:52:26 [INFO] ✅ 已找到微信窗口: 微信
10:52:26 [INFO] ⏳ 5秒后开始发送，请勿操作电脑...
10:52:26 [INFO]   5...
10:52:27 [INFO]   4...
10:52:28 [INFO]   3...
10:52:29 [INFO]   2...
10:52:30 [INFO]   1...
10:52:31 [INFO] 
10:52:31 [INFO] [1/1] 👤 柴霁俊
10:52:31 [INFO]   💬 🎪 新年新希望！愿你在新的一年里遇见更好的自己，收获更多的幸福！
10:52:42 [INFO]   ✅ 发送成功
10:52:42 [INFO] 
10:52:42 [INFO] ============================================================
10:52:42 [INFO]   🎉 发送完成！
10:52:42 [INFO]   ✅ 成功: 1/1
10:52:42 [INFO]   ❌ 失败: 0
10:52:42 [INFO] ============================================================
10:52:42 [INFO] 
